// Jest Snapshot v1, https://goo.gl/fbAQLP

exports[`DollarImport renders correctly 1`] = `
ShallowWrapper {
  "length": 1,
  Symbol(enzyme.__root__): [Circular],
  Symbol(enzyme.__unrendered__): <DollarInput />,
  Symbol(enzyme.__renderer__): Object {
    "batchedUpdates": [Function],
    "getNode": [Function],
    "render": [Function],
    "simulateEvent": [Function],
    "unmount": [Function],
  },
  Symbol(enzyme.__node__): Object {
    "instance": null,
    "key": undefined,
    "nodeType": "host",
    "props": Object {
      "children": <form>
        <div
                className="dollars"
        >
                <h3>
                        US Dollars
                </h3>
        </div>
        <input
                className="dollar-input"
                onChange={undefined}
                placeholder="$"
                type="text"
                value={undefined}
        />
</form>,
      "className": "dollar-input",
    },
    "ref": null,
    "rendered": Object {
      "instance": null,
      "key": undefined,
      "nodeType": "host",
      "props": Object {
        "children": Array [
          <div
            className="dollars"
>
            <h3>
                        US Dollars
            </h3>
</div>,
          <input
            className="dollar-input"
            onChange={undefined}
            placeholder="$"
            type="text"
            value={undefined}
/>,
        ],
      },
      "ref": null,
      "rendered": Array [
        Object {
          "instance": null,
          "key": undefined,
          "nodeType": "host",
          "props": Object {
            "children": <h3>
              US Dollars
</h3>,
            "className": "dollars",
          },
          "ref": null,
          "rendered": Object {
            "instance": null,
            "key": undefined,
            "nodeType": "host",
            "props": Object {
              "children": "US Dollars",
            },
            "ref": null,
            "rendered": "US Dollars",
            "type": "h3",
          },
          "type": "div",
        },
        Object {
          "instance": null,
          "key": undefined,
          "nodeType": "host",
          "props": Object {
            "className": "dollar-input",
            "onChange": undefined,
            "placeholder": "$",
            "type": "text",
            "value": undefined,
          },
          "ref": null,
          "rendered": null,
          "type": "input",
        },
      ],
      "type": "form",
    },
    "type": "div",
  },
  Symbol(enzyme.__nodes__): Array [
    Object {
      "instance": null,
      "key": undefined,
      "nodeType": "host",
      "props": Object {
        "children": <form>
          <div
                    className="dollars"
          >
                    <h3>
                              US Dollars
                    </h3>
          </div>
          <input
                    className="dollar-input"
                    onChange={undefined}
                    placeholder="$"
                    type="text"
                    value={undefined}
          />
</form>,
        "className": "dollar-input",
      },
      "ref": null,
      "rendered": Object {
        "instance": null,
        "key": undefined,
        "nodeType": "host",
        "props": Object {
          "children": Array [
            <div
              className="dollars"
>
              <h3>
                            US Dollars
              </h3>
</div>,
            <input
              className="dollar-input"
              onChange={undefined}
              placeholder="$"
              type="text"
              value={undefined}
/>,
          ],
        },
        "ref": null,
        "rendered": Array [
          Object {
            "instance": null,
            "key": undefined,
            "nodeType": "host",
            "props": Object {
              "children": <h3>
                US Dollars
</h3>,
              "className": "dollars",
            },
            "ref": null,
            "rendered": Object {
              "instance": null,
              "key": undefined,
              "nodeType": "host",
              "props": Object {
                "children": "US Dollars",
              },
              "ref": null,
              "rendered": "US Dollars",
              "type": "h3",
            },
            "type": "div",
          },
          Object {
            "instance": null,
            "key": undefined,
            "nodeType": "host",
            "props": Object {
              "className": "dollar-input",
              "onChange": undefined,
              "placeholder": "$",
              "type": "text",
              "value": undefined,
            },
            "ref": null,
            "rendered": null,
            "type": "input",
          },
        ],
        "type": "form",
      },
      "type": "div",
    },
  ],
  Symbol(enzyme.__options__): Object {
    "adapter": ReactSixteenAdapter {
      "options": Object {
        "enableComponentDidUpdateOnSetState": true,
      },
    },
    "disableLifecycleMethods": true,
  },
}
`;
